Cases: 14  Tried: 0  Errors: 0  Failures: 0Cases: 14  Tried: 1  Errors: 0  Failures: 0Cases: 14  Tried: 2  Errors: 0  Failures: 0Cases: 14  Tried: 3  Errors: 0  Failures: 0Cases: 14  Tried: 4  Errors: 0  Failures: 0Cases: 14  Tried: 5  Errors: 0  Failures: 0Cases: 14  Tried: 6  Errors: 0  Failures: 0Cases: 14  Tried: 7  Errors: 0  Failures: 0Cases: 14  Tried: 8  Errors: 0  Failures: 0Cases: 14  Tried: 9  Errors: 0  Failures: 0Cases: 14  Tried: 10  Errors: 0  Failures: 0Cases: 14  Tried: 11  Errors: 0  Failures: 0Cases: 14  Tried: 12  Errors: 0  Failures: 0Cases: 14  Tried: 13  Errors: 0  Failures: 0                                            Cases: 14  Tried: 14  Errors: 0  Failures: 0
